[2024-11-21 19:16:34] Summary of a CodeQL evaluation that started at 2024-11-21T11:16:34.409359700Z
[2024-11-21 19:16:34] 
[2024-11-21 19:16:34] Found predicate Files::Impl::Container.splitAbsolutePath/2#dispred#324a3985@27a41art in the relation cache (size: 3019)
[2024-11-21 19:16:34] Found predicate Module::moduleNameFromFile/1#a01d5f51@e6c8ebe5 in the relation cache (size: 809)
[2024-11-21 19:16:34] Found predicate ApiGraphModels::ModelOutput::relevantSummaryModel/6#53d509c9@d325122s in the relation cache (size: 34)
[2024-11-21 19:16:34] Found predicate Flow::SequenceNode.getElement/1#dispred#4cc4068f@cd4382go in the relation cache (size: 20465)
[2024-11-21 19:16:34] Found predicate Flow::BasicBlock.strictlyDominates/1#dispred#65ae2ca3@5f3c9164 in the relation cache (size: 2222091)
[2024-11-21 19:16:34] Found predicate DataFlowImplCommon::Cached::getContentApproxCached/1#655c9a2e@4aa6a8tj in the relation cache (size: 5648)
[2024-11-21 19:16:34] Found predicate DataFlowImplCommon::Cached::TApproxFrontHead#734001bd@d052b47t in the relation cache (size: 1)
[2024-11-21 19:16:34] Found predicate AstExtended::AstNode.getAFlowNode/0#dispred#fcebb9ee@436e3539 in the relation cache (size: 660610)
[2024-11-21 19:16:34] Found predicate Import::ImportStar.getModuleExpr/0#dispred#8ab9ce73@c8be2d1i in the relation cache (size: 60)
[2024-11-21 19:16:34] Found predicate Flow::ControlFlowNode.getScope/0#dispred#b061daac@6b82a94o in the relation cache (size: 660610)
[2024-11-21 19:16:34] Found predicate Flow::BasicBlock.getASuccessor/0#dispred#7249dd96@17a98fn0 in the relation cache (size: 188488)
[2024-11-21 19:16:34] Found predicate Flow::DefinitionNode#e8809c3b@c7d7a04h in the relation cache (size: 59237)
[2024-11-21 19:16:34] Found predicate Flow::BasicBlock.getImmediateDominator/0#dispred#0f15e8ec@242063vd in the relation cache (size: 99301)
[2024-11-21 19:16:34] Found predicate VariableCapture::Flow::CaptureSsa::TPhiReadNode#57c8fe08@edc0bb1p in the relation cache (size: 496)
[2024-11-21 19:16:34] Found predicate VariableCapture::Flow::CaptureSsa::TPhiNode#04d597fb@d91aa2b4 in the relation cache (size: 27)
[2024-11-21 19:16:34] Found predicate Essa::TEssaNodeDefinition#96e9ebfe@499ec3eh in the relation cache (size: 111684)
[2024-11-21 19:16:34] Found predicate SsaDefinitions::SsaSource::parameter_definition/2#40b2fede@fde3ccb7 in the relation cache (size: 14049)
[2024-11-21 19:16:34] Found predicate SsaDefinitions::SsaSource::init_module_submodule_defn/2#64b1af7d@2b6ed3ab in the relation cache (size: 3)
[2024-11-21 19:16:34] Found predicate SsaCompute::AdjacentUses::firstUse/2#ca053ce0@fa8591sc in the relation cache (size: 81110)
[2024-11-21 19:16:34] Found predicate SsaCompute::AdjacentUses::adjacentUseUse/2#c094915e@20a4fa4n in the relation cache (size: 138497)
[2024-11-21 19:16:34] Found predicate VariableCapture::Flow::CaptureSsa::TWriteDef#038f202f@800171fk in the relation cache (size: 542)
[2024-11-21 19:16:34] Found predicate SsaDefinitions::SsaSource::pattern_alias_definition/2#e55586af@4df94flq in the relation cache (size: 0)
[2024-11-21 19:16:34] Found predicate SsaDefinitions::SsaSource::pattern_capture_definition/2#77b3ae42@ee9d8cap in the relation cache (size: 0)
[2024-11-21 19:16:34] Found predicate SsaDefinitions::SsaSource::with_definition/2#e1888ceb@fbbf2aks in the relation cache (size: 519)
[2024-11-21 19:16:34] Found predicate SsaDefinitions::SsaSource::assignment_definition/3#a5ba4d99@393f4283 in the relation cache (size: 47120)
[2024-11-21 19:16:34] Found predicate SsaDefinitions::SsaSource::multi_assignment_definition/4#1d17889e@e1c558ps in the relation cache (size: 2666)
[2024-11-21 19:16:34] Found predicate AstExtended::AstNode.getLocation/0#dispred#6b4dcb62@e8de4cs8 in the relation cache (size: 660967)
[2024-11-21 19:16:34] Found predicate Essa::TEssaNodeRefinement#8de2de42@405fbag2 in the relation cache (size: 170452)
[2024-11-21 19:16:34] Found predicate Essa::TEssaEdgeDefinition#be4738bc@a9cd37re in the relation cache (size: 45714)
[2024-11-21 19:16:34] Found predicate Essa::TPhiFunction#dfb6fe3b@43303ao5 in the relation cache (size: 69288)
[2024-11-21 19:16:34] Found predicate SsaCompute::SsaDefinitions::reachesUse/4#216dc4f6@564d0e8k in the relation cache (size: 749890)
[2024-11-21 19:16:34] Found predicate SsaDefinitions::SsaSource::import_star_refinement/3#1675f8e2@4d006926 in the relation cache (size: 6485)
[2024-11-21 19:16:34] Found predicate SsaDefinitions::SsaSource::attribute_assignment_refinement/3#5f777592@bf82eadm in the relation cache (size: 3258)
[2024-11-21 19:16:34] Found predicate SsaDefinitions::SsaSource::attribute_deletion_refinement/3#7de1bd7a@0cdda7os in the relation cache (size: 2)
[2024-11-21 19:16:34] Found predicate SsaDefinitions::SsaSource::method_call_refinement/3#3634d2a9@5b6c9frk in the relation cache (size: 18567)
[2024-11-21 19:16:34] Found predicate SsaDefinitions::SsaSource::argument_refinement/3#615fb3a9@c4d74cbg in the relation cache (size: 7747)
[2024-11-21 19:16:34] Found predicate SsaDefinitions::SsaSource::test_refinement/3#2cbdf557@db06ed6h in the relation cache (size: 871)
[2024-11-21 19:16:34] Found predicate SsaDefinitions::SsaSource::deletion_definition/2#e74a17e3@71864aoa in the relation cache (size: 0)
[2024-11-21 19:16:34] Found predicate SsaDefinitions::SsaSource::exception_group_capture/2#d53f492d@a55212do in the relation cache (size: 0)
[2024-11-21 19:16:34] Found predicate SsaDefinitions::SsaSource::exception_capture/2#fd0779df@ddd43d6v in the relation cache (size: 1706)
[2024-11-21 19:16:34] Found predicate Essa::PhiFunction.getInput/1#dispred#f797e1b9@f7d193n7 in the relation cache (size: 860236)
[2024-11-21 19:16:34] Found predicate ApiGraphs::API::Impl::edge/3#8453bf65@1291e3jb in the relation cache (size: 872798)
[2024-11-21 19:16:34] Found predicate LocalSources::LocalSourceNode#2491029a@2f2b2851 in the relation cache (size: 468203)
[2024-11-21 19:16:34] Found predicate ApiGraphs::API::Impl::use/2#d5fdb6f7#origOrder@2032fdmb in the relation cache (size: 179230)
[2024-11-21 19:16:34] Found predicate ImportStar::ImportStar::globalNameDefinedInModule/2#83dd766e@2c7a30ue in the relation cache (size: 14980)
[2024-11-21 19:16:34] Found predicate ApiGraphs::API::Impl::prefix_member/3#2bc325da@7f7d8b9c in the relation cache (size: 498)
[2024-11-21 19:16:34] Found predicate ImportStar::ImportStar::namePossiblyDefinedInImportStar/3#59306aa3@9de3746e in the relation cache (size: 1046)
[2024-11-21 19:16:34] Found predicate ApiGraphs::API::Impl::MkModuleImport#28fb9873@eeb468dq in the relation cache (size: 655)
[2024-11-21 19:16:34] Found predicate ImportStar::ImportStar::getStarImported/1#fb356881@d6312bnq in the relation cache (size: 59)
[2024-11-21 19:16:34] Found predicate DataFlowImplCommon::Cached::TNodeNormal#98558652@ed9d6bj9 in the relation cache (size: 948741)
[2024-11-21 19:16:34] Found predicate DataFlowDispatch::resolveCall/3#454c02d8#origOrder@77cb34gj in the relation cache (size: 14893)
[2024-11-21 19:16:34] Found predicate DataFlowDispatch::getCallArg/5#21589076@eeba11h6 in the relation cache (size: 55105)
[2024-11-21 19:16:34] Found predicate DataFlowDispatch::normalCallArg/3#148d8505@d8b1b7cu in the relation cache (size: 98566)
[2024-11-21 19:16:34] Found predicate LocalSources::Cached::hasLocalSource/2#8b3ee0ec@68c282nl in the relation cache (size: 669217)
[2024-11-21 19:16:34] Found predicate ApiGraphModels::ModelOutput::resolvedSummaryBase/3#92186d2b@c0882apj in the relation cache (size: 119)
[2024-11-21 19:16:34] Found predicate ApiGraphModels::ModelOutput::resolvedSummaryRefBase/3#baf53b9e@291391im in the relation cache (size: 107)
[2024-11-21 19:16:34] Found predicate ApiGraphs::API::Impl::trackUseNode/1#1af3a9ea@7f9527lh in the relation cache (size: 656293)
[2024-11-21 19:16:34] Found predicate ImportStar::ImportStar::importStarResolvesTo/2#0505d926@e85b31p4 in the relation cache (size: 1040)
[2024-11-21 19:16:34] Found predicate ApiGraphModels::ModelOutput::getATypeNode/1#7c79b7e3@41f58974 in the relation cache (size: 1104)
[2024-11-21 19:16:34] Found predicate TypeTrackingImpl::Cached::MkTypeTracker#ff50e2d8@195c91j9 in the relation cache (size: 7348)
[2024-11-21 19:16:34] Found predicate TypeTrackingImpl::Cached::stepNoCall/3#738db09e@02f9e0q7 in the relation cache (size: 243201)
[2024-11-21 19:16:34] Found predicate TypeTrackingImpl::Cached::stepCall/3#6fb30736#origOrder@ea7619tm in the relation cache (size: 205484)
[2024-11-21 19:16:34] Found predicate TypeTrackingImpl::Cached::append/2#8b389f01@c3b0bdfv in the relation cache (size: 38064)
[2024-11-21 19:16:34] Found predicate DataFlowImplCommon::Cached::viableReturnPosOut/3#b5716bfe@5e975djc in the relation cache (size: 49997)
[2024-11-21 19:16:34] Found predicate DataFlowImplCommon::Cached::viableImplInCallContextExt/2#542bd80a@0b10aak8 in the relation cache (size: 0)
[2024-11-21 19:16:34] Found predicate DataFlowImplCommon::Cached::readSet/3#5eccc2af@c2fb50ee in the relation cache (size: 191818)
[2024-11-21 19:16:34] Found predicate DataFlowImplCommon::Cached::store/5#14a39b82@b4b510q1 in the relation cache (size: 150200)
[2024-11-21 19:16:34] Found predicate DataFlowImplCommon::Cached::argumentNode/3#216ac396@911b1152 in the relation cache (size: 185623)
[2024-11-21 19:16:34] Found predicate DataFlowImplCommon::Cached::viableParamArg/3#d616dbd4@d66bd5v9 in the relation cache (size: 70639)
[2024-11-21 19:16:34] Found predicate DataFlowImplCommon::Cached::parameterNode/3#b3273c8e@bb4052va in the relation cache (size: 46474)
[2024-11-21 19:16:34] Found predicate DataFlowImplCommon::Cached::jumpStepCached/2#b974c0dc@5930f99g in the relation cache (size: 98194)
[2024-11-21 19:16:34] Found predicate DataFlowImplCommon::Cached::TNodeImplicitRead#9bd6e348@c101ff6c in the relation cache (size: 948741)
[2024-11-21 19:16:34] Found predicate DataFlowImplCommon::Cached::getAnOutNodeExt/2#ef26de27@71d31fkk in the relation cache (size: 294516)
[2024-11-21 19:16:34] Found predicate DataFlowImplCommon::Cached::TParamUpdate#20ddffb6@34175bkl in the relation cache (size: 2922)
[2024-11-21 19:16:34] Found predicate DataFlowImplCommon::Cached::TValueReturn#beec3496@367f24rq in the relation cache (size: 1)
[2024-11-21 19:16:34] Found predicate LocalSources::Cached::namedAttrRef/3#338b0f13@aae08aem in the relation cache (size: 71388)
[2024-11-21 19:16:34] Found predicate LocalSources::Cached::call/2#510bc692@431650se in the relation cache (size: 52417)
[2024-11-21 19:16:34] Found predicate ApiGraphs::API::Impl::rhs/2#a616b63f@687dcaci in the relation cache (size: 163186)
[2024-11-21 19:16:34] Found predicate ApiGraphs::API::Impl::trackDefNode/1#7e78e336@cb987ako in the relation cache (size: 1141665)
[2024-11-21 19:16:34] Found predicate TypeTrackingImpl::Cached::MkTypeBackTracker#9a736cf0@263fe84o in the relation cache (size: 6828)
[2024-11-21 19:16:34] Found predicate TypeTrackingImpl::Cached::prepend/2#dd9d3b63@8543daev in the relation cache (size: 35724)
[2024-11-21 19:16:34] Found predicate DataFlowPublic::Node.getLocation/0#dispred#039fdc34@839c8bpq in the relation cache (size: 898660)
[2024-11-21 19:16:34] Found predicate TaintTrackingPrivate::localAdditionalTaintStep/3#088b9750@de8b559n in the relation cache (size: 102095)
[2024-11-21 19:16:34] Found predicate TaintTrackingPrivate::defaultAdditionalTaintStep/3#eecc3690@6b2f1dj9 in the relation cache (size: 103954)
[2024-11-21 19:16:34] Found predicate DataFlowImplCommon::Cached::nodeEnclosingCallable/2#dfa5b091@565fbfop in the relation cache (size: 948741)
[2024-11-21 19:16:34] Found predicate DataFlowImplCommon::Cached::localFlowStepExImpl/3#5949d868@27fc47kp in the relation cache (size: 444440)
[2024-11-21 19:16:34] Found predicate DataFlowImplCommon::Cached::getReturnPositionEx/1#759b108c@1c4878ph in the relation cache (size: 30280)
[2024-11-21 19:16:34] Found predicate DataFlowImplCommon::Cached::TParamReturnNode#c77603f5@1dceafhq in the relation cache (size: 9140)
[2024-11-21 19:16:34] Found predicate DataFlowImplCommon::Cached::CachedCallContextSensitivity::reducedViableImplInCallContext/3#27a0fecf@ec9b330f in the relation cache (size: 0)
[2024-11-21 19:16:34] Found predicate DataFlowImplCommon::Cached::nodeDataFlowType/2#6e9c065f@23b1b5f9 in the relation cache (size: 948741)
[2024-11-21 19:16:34] Found predicate DataFlowImplCommon::Cached::allowParameterReturnInSelfCached/1#3e97fb3a@bd692c8s in the relation cache (size: 65)
[2024-11-21 19:16:34] Found predicate DataFlowImplCommon::Cached::TReturnPosition0#c6ee188f@9d3207a2 in the relation cache (size: 28369)
[2024-11-21 19:16:34] Found predicate DataFlowImplCommon::Cached::compatibleTypesCached/2#6fe2a79c@21c7ffll in the relation cache (size: 1)
[2024-11-21 19:16:34] Found predicate DataFlowImplCommon::Cached::isTopType/1#5d44f660@1d3618oc in the relation cache (size: 1)
[2024-11-21 19:16:34] Found predicate DataFlowImplCommon::Cached::castingNode/1#7aa1ab20@556a2a9h in the relation cache (size: 300186)
[2024-11-21 19:16:34] Found predicate DataFlowImplCommon::Cached::getSecondLevelScopeCached/1#a0ee2dd7@6269bf47 in the relation cache (size: 948741)
[2024-11-21 19:16:34] Found predicate DataFlowImplCommon::Cached::mayBenefitFromCallContextExt/2#acb3f917@b45063am in the relation cache (size: 0)
[2024-11-21 19:16:34] Found predicate DataFlowImplCommon::Cached::TNodeEx#ebee9ee3@9b09fc0s in the relation cache (size: 1906622)
[2024-11-21 19:16:34] Found predicate DataFlowImplCommon::Cached::CachedCallContextSensitivity::viableImplCallContextReducedReverse/2#a7c034e7@151461av in the relation cache (size: 0)
[2024-11-21 19:16:34] Found predicate DataFlowImplCommon::Cached::CachedCallContextSensitivity::instanceofCcNoCall/1#06def289@59eae2je in the relation cache (size: 1)
[2024-11-21 19:16:34] Found predicate DataFlowImplCommon::Cached::CachedCallContextSensitivity::getSpecificCallContextCall/2#b1ec491c@4a3bac1k in the relation cache (size: 0)
[2024-11-21 19:16:34] Found predicate DataFlowImplCommon::Cached::TAnyLocalCall#e6933739@d1c4d4v3 in the relation cache (size: 1)
[2024-11-21 19:16:34] Found predicate DataFlowImplCommon::Cached::CachedCallContextSensitivity::getSpecificCallContextReturn/2#8dfbacac@9d08b7od in the relation cache (size: 0)
[2024-11-21 19:16:34] Found predicate DataFlowImplCommon::Cached::CachedCallContextSensitivity::viableImplCallContextReduced/2#e3a6fd25@7a5ec15g in the relation cache (size: 0)
[2024-11-21 19:16:34] Found predicate DataFlowImplCommon::Cached::CachedCallContextSensitivity::callContextAffectsDispatch/2#3d71b27d@047cfbge in the relation cache (size: 0)
[2024-11-21 19:16:34] Found predicate DataFlowImplCommon::Cached::CachedCallContextSensitivity::instanceofCc/1#f272ab56@987575fi in the relation cache (size: 2)
[2024-11-21 19:16:34] Found predicate DataFlowImplCommon::Cached::CachedCallContextSensitivity::instanceofCcCall/1#de1cfd58@596232vh in the relation cache (size: 1)
[2024-11-21 19:16:34] Found predicate DataFlowImplCommon::Cached::TBooleanNone#56347b08@3f02037m in the relation cache (size: 1)
[2024-11-21 19:16:34] Found predicate DataFlowImplCommon::Cached::TReturnCtxNone#88749d9f@9e24c0pr in the relation cache (size: 1)
[2024-11-21 19:16:34] Found predicate DataFlowImplCommon::Cached::TReturnCtxNoFlowThrough#3f4bfe30@1cafdf3u in the relation cache (size: 1)
[2024-11-21 19:16:34] Found predicate DataFlowImplCommon::Cached::TBooleanSome#84d19974@1b3cf2u9 in the relation cache (size: 2)
[2024-11-21 19:16:34] Found predicate DataFlowImplCommon::Cached::TReturnCtxMaybeFlowThrough#73202d32@3a7cd535 in the relation cache (size: 28369)
[2024-11-21 19:16:34] Found predicate DataFlowImplCommon::Cached::TApproxFrontNil#30098feb@131b53ov in the relation cache (size: 1)
[2024-11-21 19:16:34] Found predicate DataFlowImplCommon::Cached::TMkCallEdge#fe395858@320884gh in the relation cache (size: 27516)
[2024-11-21 19:16:34] Found predicate DataFlowImplCommon::Cached::outNodeExt/1#5035155b@a2065ctu in the relation cache (size: 166168)
[2024-11-21 19:16:34] Found predicate DataFlowImplCommon::Cached::clearsContentCached/2#ecbe0d21@dd66951c in the relation cache (size: 8337)
[2024-11-21 19:16:34] Found predicate DataFlowImplCommon::Cached::CachedCallContextSensitivity::reducedViableImplInReturn/2#ce934fea@7f22a2no in the relation cache (size: 0)
[2024-11-21 19:16:34] Found predicate DataFlowImplCommon::Cached::callEnclosingCallable/2#76ac3511@003810ck in the relation cache (size: 67685)
[2024-11-21 19:16:34] Found predicate DataFlowImplCommon::Cached::TApproxAccessPathFrontNone#65247674@242473bk in the relation cache (size: 1)
[2024-11-21 19:16:34] Found predicate DataFlowImplCommon::Cached::TApproxAccessPathFrontSome#009446fb@00b565r6 in the relation cache (size: 2)
[2024-11-21 19:16:34] Found predicate DataFlowImplCommon::Cached::TFrontHead#317ae733@b2c0d6mr in the relation cache (size: 5648)
[2024-11-21 19:16:34] Found predicate DataFlowImplCommon::Cached::TFrontNil#44ee2a6c@dbecb5mf in the relation cache (size: 1)
[2024-11-21 19:16:34] Found predicate DataFlowImplCommon::Cached::TAccessPathFrontNone#2eadd0b5@0656754t in the relation cache (size: 1)
[2024-11-21 19:16:34] Found predicate DataFlowImplCommon::Cached::TAccessPathFrontSome#918be2d2@b8a926re in the relation cache (size: 5649)
[2024-11-21 19:16:34] Found predicate ApiGraphModels::ModelOutput::getASinkNode/2#ca35e673@306eb2r0 in the relation cache (size: 0)
[2024-11-21 19:16:34] Found predicate ApiGraphModels::ModelOutput::getASourceNode/2#48850f6b@c76e932a in the relation cache (size: 1814)
[2024-11-21 19:16:34] Found predicate DataFlowImplCommon::Cached::hiddenNode/1#f3158297@264cb36c in the relation cache (size: 83738)
[2024-11-21 19:16:34] Found predicate Flow::ControlFlowNode.toString/0#dispred#e1af144b@f85de7ov in the relation cache (size: 660748)
[2024-11-21 19:16:34] Found predicate DataFlowPublic::Node.toString/0#dispred#af9c307a@0ef7b38s in the relation cache (size: 948741)
[2024-11-21 19:16:34] Found predicate CachedStages::Stages::AST::ref/0#e52d92b5@1a5c136n in the relation cache (size: 1)
[2024-11-21 19:16:34] Found predicate #select#query@24b995ov in the relation cache (size: 700)
[2024-11-21 19:16:34] Found predicate subpaths#query@3a4613qc in the relation cache (size: 388)
[2024-11-21 19:16:34] Found predicate nodes#query@cc4ad45k in the relation cache (size: 1947)
[2024-11-21 19:16:34] Found predicate edges#query@5eb784g1 in the relation cache (size: 2863)
[2024-11-21 19:16:34] Found predicate DataFlowImplCommon::Cached::viableCallableCached/1#55306cc1@088ec4u9 in the relation cache (size: 27516)
[2024-11-21 19:16:34] Found predicate DataFlowImplCommon::Cached::viableCallableLambda/2#e32bc09c@11d172ga in the relation cache (size: 0)
[2024-11-21 19:16:34] Found predicate DataFlowImplCommon::Cached::TDataFlowCallNone#2015ab4f@4fcf89k2 in the relation cache (size: 1)
[2024-11-21 19:16:34] Found predicate DataFlowImplCommon::Cached::TDataFlowCallOption#caaf932c@3fd168c8 in the relation cache (size: 67686)
[2024-11-21 19:16:34] Found predicate DataFlowImplCommon::Cached::TDataFlowCallSome#b3918bcc@18ab52rn in the relation cache (size: 67685)
[2024-11-21 19:16:34] Found predicate DataFlowImplCommon::Cached::TReturnKindExt#2df5b084@ab93c2u2 in the relation cache (size: 2923)
[2024-11-21 19:16:34] Found predicate DataFlowImplCommon::Cached::TCallEdge#1d81b179@5b7672p0 in the relation cache (size: 27516)
[2024-11-21 19:16:34] Found predicate DataFlowImplCommon::Cached::TAccessPathFront#17403fb6@649a8748 in the relation cache (size: 5649)
[2024-11-21 19:16:34] Found predicate DataFlowImplCommon::Cached::TAccessPathFrontOption#ebff32a3@778258f2 in the relation cache (size: 5650)
[2024-11-21 19:16:34] Found predicate DataFlowImplCommon::Cached::TApproxAccessPathFront#b9346c9a@a2c0a7hs in the relation cache (size: 2)
[2024-11-21 19:16:34] Found predicate DataFlowImplCommon::Cached::TApproxAccessPathFrontOption#fff62e68@beb77fhv in the relation cache (size: 3)
[2024-11-21 19:16:34] Found predicate DataFlowImplCommon::Cached::TBooleanOption#6f23d0e8@e287b0uv in the relation cache (size: 3)
[2024-11-21 19:16:34] Found predicate DataFlowImplCommon::Cached::TLocalFlowCallContext#4fabb357@520506sr in the relation cache (size: 1)
[2024-11-21 19:16:34] Found predicate DataFlowImplCommon::Cached::FlowThrough::Final::argumentValueFlowsThrough/4#5460be1a@3b296bc9 in the relation cache (size: 13997)
[2024-11-21 19:16:34] Found predicate DataFlowImplCommon::Cached::TReturnCtx#1880ad61@c9c7e0me in the relation cache (size: 28371)
[2024-11-21 19:16:34] Found predicate DataFlowImplCommon::Cached::TReturnPosition#387dfb5c@570991bn in the relation cache (size: 28369)
[2024-11-21 19:16:34] Found predicate CachedStages::Stages::AST::backref/0#dddb3000@9ce1df36 in the relation cache (size: 1)
[2024-11-21 19:16:34] Found predicate DataFlowImplCommon::Cached::getParamReturnPosition/2#6216ef66@0f008a0k in the relation cache (size: 55555)
[2024-11-21 19:16:34] Found predicate DataFlowImplCommon::Cached::getValueReturnPosition/1#fb81402e@81d9ac6o in the relation cache (size: 12439)
[2024-11-21 19:16:34] Found predicate DataFlowImplCommon::Cached::simpleLocalFlowStepExt/3#e5158f99@f452d4n6 in the relation cache (size: 415936)
[2024-11-21 19:16:34] Found predicate DataFlowImplCommon::Cached::storeSet/5#bf1f42af@43d97aqd in the relation cache (size: 150200)
[2024-11-21 19:16:34] Found predicate TypeTrackingImpl::Cached::CallStep#8242b00f@3dd957mk in the relation cache (size: 1)
[2024-11-21 19:16:34] Found predicate TypeTrackingImpl::Cached::JumpStep#b59a2ca6@339c72lb in the relation cache (size: 1)
[2024-11-21 19:16:34] Found predicate TypeTrackingImpl::Cached::LevelStep#18f3a03d@8c3da9rj in the relation cache (size: 1)
[2024-11-21 19:16:34] Found predicate TypeTrackingImpl::Cached::LoadStep#a52af285@f862cbuf in the relation cache (size: 3673)
[2024-11-21 19:16:34] Found predicate ApiGraphs::API::Impl::isImported/1#f726a2da@e9ed686g in the relation cache (size: 655)
[2024-11-21 19:16:34] Found predicate ApiGraphs::API::Impl::MkDef#51c2f877@136d5f9e in the relation cache (size: 163186)
[2024-11-21 19:16:34] Found predicate ImportStar::ImportStar::isDefinedLocally/1#ff167f35@91b8e9et in the relation cache (size: 226267)
[2024-11-21 19:16:34] Found predicate ImportStar::ImportStar::potentialImportStarBase/1#920b005f@3792ba3i in the relation cache (size: 60)
[2024-11-21 19:16:34] Found predicate ApiGraphs::API::Impl::MkRoot#91562bd2@90a2d2l2 in the relation cache (size: 1)
[2024-11-21 19:16:34] Found predicate ApiGraphs::API::Impl::MkUse#871807e5@281097uu in the relation cache (size: 167501)
[2024-11-21 19:16:34] Found predicate ApiGraphs::API::Impl::use/3#e6c88b66@41509bil in the relation cache (size: 389906)
[2024-11-21 19:16:34] Found predicate ApiGraphs::API::Impl::TApiNode#88a31bd8@4f3c61k1 in the relation cache (size: 331343)
[2024-11-21 19:16:34] Found predicate TypeTrackingImpl::Cached::ReturnStep#baca7cda@476cf5dh in the relation cache (size: 1)
[2024-11-21 19:16:34] Found predicate TypeTrackingImpl::Cached::TTypeTracker#23982e38@c9911ele in the relation cache (size: 7348)
[2024-11-21 19:16:34] Found predicate LocalSources::Cached::await/2#6dc34707@4effb2n4 in the relation cache (size: 4653)
[2024-11-21 19:16:34] Found predicate LocalSources::Cached::dynamicAttrRef/2#d301c648@e23e3dgq in the relation cache (size: 182)
[2024-11-21 19:16:34] Found predicate LocalSources::Cached::subscript/3#c2c816b7@455256j2 in the relation cache (size: 21044)
[2024-11-21 19:16:34] Found predicate Awaited::awaited/1#2f6a02a1@2262d4ml in the relation cache (size: 4552)
[2024-11-21 19:16:34] Found predicate TypeTrackingImpl::Cached::standardFlowsTo/2#6f90b79a@e2edf7lr in the relation cache (size: 0)
[2024-11-21 19:16:34] Found predicate TypeTrackingImpl::Cached::smallStepNoCall/3#08e637dc@ac2a9frc in the relation cache (size: 240091)
[2024-11-21 19:16:34] Found predicate TypeTrackingImpl::Cached::StoreStep#b28a362b@1a30ee83 in the relation cache (size: 3413)
[2024-11-21 19:16:34] Found predicate TypeTrackingImpl::Cached::TStepSummary#2eed3c0a@e66652oi in the relation cache (size: 7090)
[2024-11-21 19:16:34] Found predicate TypeTrackingImpl::Cached::smallStepCall/3#f8660c49@efb19er5 in the relation cache (size: 145532)
[2024-11-21 19:16:34] Found predicate ApiGraphs::API::Impl::rhs/3#2255afc6@bef36f2c in the relation cache (size: 484975)
[2024-11-21 19:16:34] Found predicate TypeTrackingImpl::Cached::TTypeBackTracker#c637f0a8@671bdfav in the relation cache (size: 6828)
[2024-11-21 19:16:34] Found predicate LocalSources::LocalSourceNodeNotModuleVariableNode#bb09f09b@b22448hu in the relation cache (size: 436484)
[2024-11-21 19:16:34] Found predicate ApiGraphs::API::Impl::distanceFromRoot/1#42f937ef@7f49bado in the relation cache (size: 329299)
[2024-11-21 19:16:34] Found predicate VariableCapture::Flow::CaptureSsa::TDefinitionExt#64348171@b5f654m8 in the relation cache (size: 1065)
[2024-11-21 19:16:34] Found predicate Essa::TEssaDefinition#4c062f56@8c9039hf in the relation cache (size: 397138)
[2024-11-21 19:16:34] Found predicate SsaCompute::EssaDefinitions::piNode/3#b1917f93@02d83a9b in the relation cache (size: 45714)
[2024-11-21 19:16:34] Found predicate SsaCompute::AdjacentUses::adjacentUseUseSameVar/2#2eafd7db@578245v0 in the relation cache (size: 138497)
[2024-11-21 19:16:34] Found predicate SsaCompute::AdjacentUses::adjacentVarRefs/5#de1f7cd5@61c0def7 in the relation cache (size: 278822)
[2024-11-21 19:16:34] Found predicate SsaCompute::AdjacentUses::defSourceUseRank/4#ebad7bcb@1fcc123k in the relation cache (size: 299757)
[2024-11-21 19:16:34] Found predicate SsaCompute::SsaComputeImpl::variableDefine/4#79261f91@58c30d23 in the relation cache (size: 136635)
[2024-11-21 19:16:34] Found predicate AstExtended::AstNode.getAChildNode/0#dispred#a130356d@a4dbc53a in the relation cache (size: 668351)
[2024-11-21 19:16:34] Found predicate SsaCompute::SsaDefinitions::reachesEndOfBlock/4#214bd902@04807bl8 in the relation cache (size: 2809926)
[2024-11-21 19:16:34] Found predicate SsaCompute::Liveness::liveAtExit/2#b6aa63f4@e74a6bku in the relation cache (size: 3006668)
[2024-11-21 19:16:34] Found predicate SsaCompute::Liveness::liveAtEntry/2#bab3ea7c@e438c9nd in the relation cache (size: 3016594)
[2024-11-21 19:16:34] Found predicate SsaCompute::SsaComputeImpl::defUseRank/4#782a2f48@9ba049ft in the relation cache (size: 1094689)
[2024-11-21 19:16:34] Found predicate SsaCompute::SsaComputeImpl::variableDef/4#38b3ef7e@2ebcb1gc in the relation cache (size: 319786)
[2024-11-21 19:16:34] Found predicate SsaCompute::SsaComputeImpl::variableRefine/4#b20a3c26@6d1349h9 in the relation cache (size: 183151)
[2024-11-21 19:16:34] Found predicate SsaCompute::SsaComputeImpl::variableUse/4#da62dc30@47d71aut in the relation cache (size: 774903)
[2024-11-21 19:16:34] Found predicate SsaCompute::SsaComputeImpl::defRank/4#f608ea69@252cf7m2 in the relation cache (size: 319786)
[2024-11-21 19:16:34] Found predicate SsaCompute::SsaComputeImpl::lastRank/2#6cfcb19d@1c1bcasa in the relation cache (size: 425684)
[2024-11-21 19:16:34] Found predicate SsaCompute::EssaDefinitions::phiNode/2#4864b30d@3250c3fn in the relation cache (size: 69288)
[2024-11-21 19:16:34] Found predicate SsaCompute::SsaComputeImpl::ssaDef/2#1ca5a11b@978b8cg3 in the relation cache (size: 298741)
[2024-11-21 19:16:34] Found predicate SsaCompute::EssaDefinitions::variableUpdate/5#c42159b9@3351d1k3 in the relation cache (size: 282136)
[2024-11-21 19:16:34] Found predicate SsaCompute::EssaDefinitions::variableDefinition/5#32b5d84f@38dfcb62 in the relation cache (size: 111684)
[2024-11-21 19:16:34] Found predicate SsaCompute::EssaDefinitions::variableRefinement/5#4e891107@89958f5c in the relation cache (size: 170452)
[2024-11-21 19:16:34] Found predicate SsaCompute::SsaComputeImpl::ssaDefReachesRank/4#f19c6fee@16ae7c5v in the relation cache (size: 825446)
[2024-11-21 19:16:34] Found predicate Exprs::Expr.toString/0#dispred#7435dfcd@1f2e021m in the relation cache (size: 510150)
[2024-11-21 19:16:34] Found predicate AstExtended::AstNode.getParentNode/0#dispred#c159e3ee@f230882v in the relation cache (size: 668351)
[2024-11-21 19:16:34] Found predicate Flow::BasicBlock.strictlyReaches/1#dispred#12a5aa28@2eedb972 in the relation cache (size: 5216216)
[2024-11-21 19:16:34] Found predicate SsaCompute::AdjacentUses::variableSourceUse/4#4525ef19@93e612oh in the relation cache (size: 163122)
[2024-11-21 19:16:34] Found predicate SsaCompute::AdjacentUses::definesAt/4#68130204@1ce569tp in the relation cache (size: 180972)
[2024-11-21 19:16:34] Found predicate SsaCompute::AdjacentUses::useOfDef/2#16a7ee50@b9299e82 in the relation cache (size: 158217)
[2024-11-21 19:16:34] Found predicate SsaCompute::SsaDefinitions::reachesExit/3#a534505a@541da3b0 in the relation cache (size: 89691)
[2024-11-21 19:16:34] Found predicate SsaCompute::SsaComputeImpl::ssaDefReachesUseWithinBlock/4#87a91e15@ce8e2duf in the relation cache (size: 425405)
[2024-11-21 19:16:34] Completed evaluation of query new_global.ql.
[2024-11-21 19:16:34] Total evaluation times for this run:
        * Wall-clock duration of evaluation run: 0.4 seconds
        * Total time spent evaluating predicates: 0.0 seconds